// Vitest Snapshot v1, https://vitest.dev/guide/snapshot.html

exports[`W5b real-shaped adversarial summaries > keeps default and explicit all at their pre-fix outputs 1`] = `
{
  "cashFlows": [
    {
      "amount": 10000,
      "balanceCash": 10000,
      "code": null,
      "dealId": null,
      "fingerprintSource": "["cash","2025-01-02","transferIn",10000,null,1]",
      "flowDate": "2025-01-02",
      "flowTime": "09:00:00",
      "kind": "transferIn",
      "name": null,
      "orderId": null,
      "quantity": null,
      "rowIndex": 1,
      "summary": "银行转存",
    },
    {
      "amount": 100,
      "balanceCash": 9100,
      "code": null,
      "dealId": null,
      "fingerprintSource": "["cash","2025-01-03","transferIn",100,null,1]",
      "flowDate": "2025-01-03",
      "flowTime": "09:00:00",
      "kind": "transferIn",
      "name": null,
      "orderId": null,
      "quantity": null,
      "rowIndex": 3,
      "summary": "银行返回码:000000000000,返回信息:交易成功",
    },
    {
      "amount": -200,
      "balanceCash": 8900,
      "code": null,
      "dealId": null,
      "fingerprintSource": "["cash","2025-01-03","transferOut",-200,null,1]",
      "flowDate": "2025-01-03",
      "flowTime": "10:00:00",
      "kind": "transferOut",
      "name": null,
      "orderId": null,
      "quantity": null,
      "rowIndex": 4,
      "summary": "银行返回码:000000000000,返回信息:交易成功",
    },
    {
      "amount": 0.08,
      "balanceCash": 8900.08,
      "code": null,
      "dealId": null,
      "fingerprintSource": "["cash","2025-01-04","interest",0.08,null,1]",
      "flowDate": "2025-01-04",
      "flowTime": "09:00:00",
      "kind": "interest",
      "name": null,
      "orderId": null,
      "quantity": null,
      "rowIndex": 6,
      "summary": "批量客户结息处理批次:555， 利息结算：预计利息：0.08，利息积数：12345，活期利率（年利率）：5.0E-4。",
    },
    {
      "amount": 5,
      "balanceCash": 7905.07,
      "code": "600000",
      "dealId": null,
      "fingerprintSource": "["cash","2025-01-06","dividend",5,"600000",1]",
      "flowDate": "2025-01-06",
      "flowTime": "09:00:00",
      "kind": "dividend",
      "name": null,
      "orderId": null,
      "quantity": 0,
      "rowIndex": 8,
      "summary": "股息入账",
    },
    {
      "amount": -1,
      "balanceCash": 7904.07,
      "code": "600000",
      "dealId": null,
      "fingerprintSource": "["cash","2025-01-06","fee",-1,"600000",1]",
      "flowDate": "2025-01-06",
      "flowTime": "10:00:00",
      "kind": "fee",
      "name": null,
      "orderId": null,
      "quantity": 0,
      "rowIndex": 9,
      "summary": "股息红利扣税",
    },
    {
      "amount": -500,
      "balanceCash": 7404.07,
      "code": "001001",
      "dealId": null,
      "fingerprintSource": "["cash","2025-01-06","subscription",-500,"001001",1]",
      "flowDate": "2025-01-06",
      "flowTime": "11:00:00",
      "kind": "subscription",
      "name": null,
      "orderId": null,
      "quantity": 0,
      "rowIndex": 10,
      "summary": "新股中签资金扣款",
    },
    {
      "amount": 4.24,
      "balanceCash": 4.24,
      "code": null,
      "dealId": null,
      "fingerprintSource": "["cash","2025-01-07","interest",4.24,null,1]",
      "flowDate": "2025-01-07",
      "flowTime": "10:00:00",
      "kind": "interest",
      "name": null,
      "orderId": null,
      "quantity": 0,
      "rowIndex": 12,
      "summary": "利息结转[0.000500]，2061批量利息归本",
    },
    {
      "amount": -22000,
      "balanceCash": 0,
      "code": "007864",
      "dealId": null,
      "fingerprintSource": "["cash","2025-01-07","fee",-22000,"007864",1]",
      "flowDate": "2025-01-07",
      "flowTime": "11:00:00",
      "kind": "fee",
      "name": null,
      "orderId": null,
      "quantity": 0,
      "rowIndex": 13,
      "summary": "123456[007864]申购扣款[-22000.00]元，8214申购扣款",
    },
    {
      "amount": -20,
      "balanceCash": 0,
      "code": null,
      "dealId": null,
      "fingerprintSource": "["cash","2025-01-07","fee",-20,null,1]",
      "flowDate": "2025-01-07",
      "flowTime": "12:00:00",
      "kind": "fee",
      "name": null,
      "orderId": null,
      "quantity": 0,
      "rowIndex": 14,
      "summary": "费用扣收待核实",
    },
  ],
  "counts": {
    "discardedFills": 0,
    "excludedInterest": 2,
    "failedFlows": 0,
    "rejectedSigns": 0,
    "unresolved": 1,
  },
  "diagnostics": [
    "按对账单形态解析（摘要、资金余额及其他操作）",
    "范围排除成交 0 条；余额恒等式排除利息 2 条；数量符号拒绝 0 条；失败流水 0 条；未解析 1 条",
  ],
  "fills": [
    {
      "amount": 1000,
      "anomalies": [],
      "balanceCash": 9000,
      "balanceShares": null,
      "businessFlag": null,
      "code": "600000",
      "dealId": null,
      "fees": {
        "commission": null,
        "otherFee": null,
        "stampTax": null,
        "total": null,
        "transferFee": null,
      },
      "fingerprintSource": "["fill","2025-01-02","600000","buy",10,100,-1,1]",
      "instrument": "stock",
      "kind": "buy",
      "name": null,
      "netAmount": -1000,
      "orderId": null,
      "price": 10,
      "quantity": 100,
      "rowIndex": 2,
      "summary": "证券买入",
      "symbol": "sh600000",
      "tradeDate": "2025-01-02",
      "tradeTime": "10:00:00",
    },
  ],
  "mapping": {
    "columns": {
      "balanceCash": 8,
      "code": 4,
      "netAmount": 7,
      "price": 5,
      "quantity": 6,
      "side": 2,
      "summary": 3,
      "tradeDate": 0,
      "tradeTime": 1,
    },
    "duplicates": [
      {
        "field": "summary",
        "header": "摘要",
        "index": 3,
      },
    ],
    "feeColumns": {
      "commission": [],
      "feeTotal": [],
      "otherFee": [],
      "stampTax": [],
      "transferFee": [],
    },
    "otherFeeColumns": [],
    "statusColumns": [
      3,
    ],
    "unmapped": [
      {
        "header": "批次号",
        "index": 9,
      },
    ],
    "warnings": [],
  },
  "statementOpeningCash": 0,
  "unresolved": [
    {
      "cells": [
        "20250105",
        "090000",
        "卖出",
        "融券回购购回日:20250106,预计利息:0.90",
        "131810",
        "0",
        "-10",
        "-1000.01",
        "7900.07",
        "6",
      ],
      "reason": "成交价格或数量缺失/非法",
      "rowIndex": 7,
    },
  ],
}
`;
